---
http_interactions:
- request:
    method: get
    uri: http://localhost:3030/houses/KL2k1BGP/parties/P6LNyUn4/members/current/a_z_letters
    body:
      encoding: US-ASCII
      string: ''
    headers:
      Accept-Encoding:
      - gzip;q=1.0,deflate;q=0.6,identity;q=0.3
      Accept:
      - "*/*"
      - application/n-triples
      User-Agent:
      - Ruby
      Ocp-Apim-Subscription-Key:
      - "<AUTH_TOKEN>"
  response:
    status:
      code: 200
      message: OK
    headers:
      Cache-Control:
      - no-cache
      Pragma:
      - no-cache
      Content-Length:
      - '1219'
      Content-Type:
      - application/n-triples
      Expires:
      - "-1"
      Set-Cookie:
      - ARRAffinity=5869ab2b19db54ab1fc3138b40cd744a8060aae3ae1797c06555ae8e3eaaec5d;Path=/;Domain=20170418155059fixedquery.azurewebsites.net
      X-Aspnet-Version:
      - 4.0.30319
      X-Powered-By:
      - ASP.NET
      Date:
      - Fri, 21 Apr 2017 10:13:35 GMT
    body:
      encoding: UTF-8
      string: "_:node7294 <http://id.ukpds.org/schema/value> \"M\" .\r\n_:node7295
        <http://id.ukpds.org/schema/value> \"E\" .\r\n_:node7296 <http://id.ukpds.org/schema/value>
        \"S\" .\r\n_:node7297 <http://id.ukpds.org/schema/value> \"R\" .\r\n_:node7298
        <http://id.ukpds.org/schema/value> \"H\" .\r\n_:node7299 <http://id.ukpds.org/schema/value>
        \"C\" .\r\n_:node7300 <http://id.ukpds.org/schema/value> \"W\" .\r\n_:node7301
        <http://id.ukpds.org/schema/value> \"A\" .\r\n_:node7302 <http://id.ukpds.org/schema/value>
        \"P\" .\r\n_:node7303 <http://id.ukpds.org/schema/value> \"B\" .\r\n_:node7304
        <http://id.ukpds.org/schema/value> \"F\" .\r\n_:node7305 <http://id.ukpds.org/schema/value>
        \"T\" .\r\n_:node7306 <http://id.ukpds.org/schema/value> \"Q\" .\r\n_:node7307
        <http://id.ukpds.org/schema/value> \"N\" .\r\n_:node7308 <http://id.ukpds.org/schema/value>
        \"G\" .\r\n_:node7309 <http://id.ukpds.org/schema/value> \"J\" .\r\n_:node7310
        <http://id.ukpds.org/schema/value> \"K\" .\r\n_:node7311 <http://id.ukpds.org/schema/value>
        \"D\" .\r\n_:node7312 <http://id.ukpds.org/schema/value> \"L\" .\r\n_:node7313
        <http://id.ukpds.org/schema/value> \"O\" .\r\n_:node7314 <http://id.ukpds.org/schema/value>
        \"V\" .\r\n_:node7315 <http://id.ukpds.org/schema/value> \"U\" .\r\n_:node7316
        <http://id.ukpds.org/schema/value> \"Z\" .\r\n"
    http_version: 
  recorded_at: Fri, 21 Apr 2017 10:14:31 GMT
- request:
    method: get
    uri: http://localhost:5000/api/v2/groups/parliament/features/show-dissolution
    body:
      encoding: US-ASCII
      string: ''
    headers:
      Accept:
      - "*/*"
      Accept-Encoding:
      - gzip, deflate
      User-Agent:
      - Bandiera Ruby Client / 3.0.4
      Host:
      - bandiera:5000
  response:
    status:
      code: 200
      message: OK
    headers:
      Content-Type:
      - application/json
      X-Content-Type-Options:
      - nosniff
      Content-Length:
      - '82'
    body:
      encoding: UTF-8
      string: '{"response":false,"warning":"This group does not exist in the Bandiera
        database."}'
    http_version: 
  recorded_at: Mon, 08 May 2017 10:57:22 GMT
- request:
    method: get
    uri: http://localhost:3030/houses
    body:
      encoding: US-ASCII
      string: ''
    headers:
      Accept-Encoding:
      - gzip;q=1.0,deflate;q=0.6,identity;q=0.3
      Accept:
      - "*/*"
      - application/n-triples
      User-Agent:
      - Ruby
      Ocp-Apim-Subscription-Key:
      - "<AUTH_TOKEN>"
  response:
    status:
      code: 200
      message: OK
    headers:
      Cache-Control:
      - no-store, must-revalidate, no-cache
      Pragma:
      - no-cache
      Content-Length:
      - '420'
      Content-Type:
      - application/n-triples
      Expires:
      - Fri, 02 Jun 2017 10:42:00 GMT
      Set-Cookie:
      - ARRAffinity=b33f2cf26cbb655976ea24d5d2dea6f44e1f8349a0c5eef4404e4762da5fe1ce;Path=/;Domain=20170412115159fixedquery.azurewebsites.net
      X-Aspnet-Version:
      - 4.0.30319
      X-Powered-By:
      - ASP.NET
      Date:
      - Fri, 02 Jun 2017 10:42:00 GMT
    body:
      encoding: UTF-8
      string: "<http://id.ukpds.org/cqIATgUK> <http://www.w3.org/1999/02/22-rdf-syntax-ns#type>
        <http://id.ukpds.org/schema/House> .\r\n<http://id.ukpds.org/cqIATgUK> <http://id.ukpds.org/schema/houseName>
        \"houseName - 1\" .\r\n<http://id.ukpds.org/mG2ur5TF> <http://www.w3.org/1999/02/22-rdf-syntax-ns#type>
        <http://id.ukpds.org/schema/House> .\r\n<http://id.ukpds.org/mG2ur5TF> <http://id.ukpds.org/schema/houseName>
        \"houseName - 2\" .\r\n"
    http_version: 
  recorded_at: Fri, 02 Jun 2017 10:42:02 GMT
recorded_with: VCR 3.0.3
